// Jest Snapshot v1, https://goo.gl/fbAQLP

exports[`<MenuLink /> should match snapshot 1`] = `
.c0 {
  font-size: 16px;
  display: block;
  -webkit-text-decoration: none;
  text-decoration: none;
  padding: 16px;
  color: #0A1128;
  position: relative;
}

.c0::after {
  content: '';
  position: absolute;
  bottom: 7px;
  left: 25%;
  width: 0;
  height: 3px;
  background: #dc143c;
  -webkit-transition: all 300ms ease-in-out;
  transition: all 300ms ease-in-out;
}

.c0:hover::after {
  left: 25%;
  width: 50%;
}

<a
  class="c0"
  href="http://localhost"
  target="_blank"
>
  Text
</a>
`;
